[1/692] Automatic MOC and UIC for target ardali-webengine-process
[2/692] Automatic MOC and UIC for target ardali-browser-security-utils-test
[3/692] Building CXX object CMakeFiles/ardali-webengine-process.dir/ardali-webengine-process_autogen/mocs_compilation.cpp.o
[4/692] cd /home/muhammetdli/ArDali/build-step2-debug-20260917 && /usr/bin/cmake -E copy_directory /home/muhammetdli/ArDali/browser/resources/eq-presets /home/muhammetdli/ArDali/build-step2-debug-20260917/eq-presets
[5/692] Generating browser_policy.json
[6/692] Automatic MOC and UIC for target ardali-browser-web-engine-hardware-acceleration-test
[7/692] Automatic MOC and UIC for target ardali-browser-policy-test
[8/692] Automatic MOC and UIC for target ardali-browser-web-engine-memory-policy-test
[9/692] Automatic MOC and UIC for target ardali-browser-eq-preset-repository-test
[10/692] Automatic MOC and UIC for target ardali-language-manager-test
[11/692] Building CXX object CMakeFiles/ardali-webengine-process.dir/browser/native/core/web_engine_process_launcher.cpp.o
[12/692] Automatic MOC and UIC for target ardali-browser-credential-vault-test
[13/692] Linking CXX executable ardali-webengine-process
[14/692] Automatic MOC and UIC for target ardali-password-manager-page-test
[15/692] Automatic MOC and UIC for target ardali-browser-new-tab-asset-resolver-test
[16/692] Automatic MOC and UIC for target ardali-browser-song-finder-test
[17/692] Automatic MOC and UIC for target ardali-browser-download-ui-model-test
[18/692] Automatic MOC and UIC for target ardali-browser-local-media-routing-test
[19/692] Automatic MOC and UIC for target ardali-browser-application-identity-test
[20/692] Automatic MOC and UIC for target ardali-browser-password-autofill-test
[21/692] Automatic MOC and UIC for target ardali-browser-media-platform-registry-test
[22/692] Generating dali/web-output-audiophile.generated.js, dali/web-equalizer-32.generated.js, dali/web-dynamic-compressor.generated.js, dali/web-limiter.generated.js, dali/web-bass-enhancer.generated.js, dali/web-auto-gain.generated.js
[23/692] Automatic MOC and UIC for target ardali-browser-media-download-service-test
[24/692] Running rcc for resource app_icons
[25/692] Running rcc for resource side_widget_icons
[26/692] Running rcc for resource browser_icons
[27/692] Automatic MOC and UIC for target ardali-phase22d-test
[28/692] Running rcc for resource app_icons_alias
[29/692] Running rcc for resource translate_scripts
[30/692] Running rcc for resource i18n_resources
[31/692] Running rcc for resource search_engine_icons
[32/692] Automatic MOC and UIC for target ardali-browser-general-download-manager-test
[33/692] Running rcc for resource new_tab_asset_fallbacks
[34/692] Automatic MOC and UIC for target ardali-browser-phase2a-policy-test
[35/692] Automatic MOC and UIC for target ardali-browser-critical-tab-drag-scenario-test
[36/692] Automatic MOC and UIC for target ardali-browser-web-audio-effects-test
[37/692] Automatic MOC and UIC for target ardali-browser-address-input-resolver-test
[38/692] Automatic MOC and UIC for target ardali-browser-omnibox-navigation-integration-test
[39/692] Automatic MOC and UIC for target ardali-browser-desktop-tab-system-test
[40/692] Automatic MOC and UIC for target ardali-browser-tab-drag-controller-test
[41/692] Automatic MOC and UIC for target ardali-browser-tab-hover-card-test
[42/692] Automatic MOC and UIC for target ardali-browser-tab-scheduler-retry-test
[43/692] Running rcc for resource password_autofill_icons
[44/692] Running rcc for resource phase22d_test_side_widget_icons
[45/692] Running rcc for resource i18n_resources_test
[46/692] Automatic MOC and UIC for target ardali-browser-smart-omnibox-phase2-test
[47/692] Automatic MOC and UIC for target ardali-browser-runtime-feature-integration-test
[48/692] Automatic MOC and UIC for target smart_omnibox_phase2_1_test
[49/692] Building CXX object CMakeFiles/ardali-browser-password-autofill-test.dir/ardali-browser-password-autofill-test_autogen/mocs_compilation.cpp.o
[50/692] Automatic MOC and UIC for target ardali-browser
[51/692] Automatic MOC and UIC for target ardali-browser-site-permission-test
[52/692] Building CXX object CMakeFiles/ardali-browser-password-autofill-test.dir/browser/native/passwords/credential_vault.cpp.o
[53/692] Automatic MOC and UIC for target ardali-phase22d-integration-test
[54/692] Automatic MOC and UIC for target ardali-browser-context-menu-test
[55/692] Building CXX object CMakeFiles/ardali-browser-password-autofill-test.dir/build-step2-debug-20260917/.qt/rcc/qrc_password_autofill_icons.cpp.o
[56/692] Building CXX object CMakeFiles/ardali-browser-password-autofill-test.dir/browser/native/passwords/credential_vault_manager.cpp.o
[57/692] Building CXX object CMakeFiles/ardali-browser-password-autofill-test.dir/browser/native/tests/password_autofill_test.cpp.o
[58/692] Building CXX object CMakeFiles/ardali-browser-password-autofill-test.dir/browser/native/core/search_engine_definition.cpp.o
[59/692] Building CXX object CMakeFiles/ardali-browser-password-autofill-test.dir/browser/native/core/browser_icons.cpp.o
[60/692] Building CXX object CMakeFiles/ardali-browser-password-autofill-test.dir/browser/native/passwords/credential_save_bubble.cpp.o
[61/692] Building CXX object CMakeFiles/ardali-phase22d-test.dir/ardali-phase22d-test_autogen/mocs_compilation.cpp.o
[62/692] Building CXX object CMakeFiles/ardali-phase22d-test.dir/browser/native/core/search_engine_definition.cpp.o
[63/692] Building CXX object CMakeFiles/ardali-phase22d-test.dir/browser/native/newtab/new_tab_html.cpp.o
[64/692] Building CXX object CMakeFiles/ardali-phase22d-test.dir/browser/native/tests/phase22d_test.cpp.o
[65/692] Building CXX object CMakeFiles/ardali-browser-password-autofill-test.dir/browser/native/passwords/vault_unlock_dialog.cpp.o
[66/692] Building CXX object CMakeFiles/ardali-phase22d-test.dir/browser/native/blocker/ardali_blocker_settings.cpp.o
[67/692] Building CXX object CMakeFiles/ardali-phase22d-test.dir/browser/native/core/search_suggestion_service.cpp.o
[68/692] Building CXX object CMakeFiles/ardali-phase22d-test.dir/build-step2-debug-20260917/.qt/rcc/qrc_phase22d_test_side_widget_icons.cpp.o
[69/692] Building CXX object CMakeFiles/ardali-browser-password-autofill-test.dir/browser/native/passwords/credential_autofill_controller.cpp.o
[70/692] Building CXX object CMakeFiles/ardali-phase22d-test.dir/browser/native/blocker/ardali_blocker_request_interceptor.cpp.o
[71/692] Building CXX object CMakeFiles/ardali-phase22d-test.dir/browser/native/core/security_utils.cpp.o
[72/692] Building CXX object CMakeFiles/ardali-language-manager-test.dir/build-step2-debug-20260917/.qt/rcc/qrc_i18n_resources_test.cpp.o
[73/692] Building CXX object CMakeFiles/ardali-language-manager-test.dir/ardali-language-manager-test_autogen/mocs_compilation.cpp.o
[74/692] Building CXX object CMakeFiles/ardali-phase22d-test.dir/browser/native/blocker/ardali_blocker_list_manager.cpp.o
[75/692] Building CXX object CMakeFiles/ardali-phase22d-test.dir/browser/native/blocker/ardali_blocker_engine.cpp.o
[76/692] Building CXX object CMakeFiles/ardali-phase22d-test.dir/browser/native/blocker/ardali_blocker_shield_button.cpp.o
[77/692] Building CXX object CMakeFiles/ardali-language-manager-test.dir/browser/native/i18n/language_manager.cpp.o
[78/692] Building CXX object CMakeFiles/ardali-browser.dir/browser/native/core/application_identity.cpp.o
[79/692] Building CXX object CMakeFiles/ardali-language-manager-test.dir/browser/native/tests/language_manager_test.cpp.o
[80/692] Building CXX object CMakeFiles/ardali-browser.dir/browser/native/core/browser_permission_policy.cpp.o
[81/692] Building CXX object CMakeFiles/ardali-phase22d-test.dir/browser/native/blocker/ardali_blocker_service.cpp.o
[82/692] Building CXX object CMakeFiles/ardali-browser.dir/browser/native/core/site_permission_prompt_bubble.cpp.o
[83/692] Building CXX object CMakeFiles/ardali-browser.dir/browser/native/core/site_controls_bubble.cpp.o
[84/692] Building CXX object CMakeFiles/ardali-browser.dir/browser/native/core/browser_policy.cpp.o
[85/692] Building CXX object CMakeFiles/ardali-browser.dir/browser/native/core/security_utils.cpp.o
[86/692] Building CXX object CMakeFiles/ardali-browser.dir/browser/native/core/web_engine_hardware_acceleration.cpp.o
[87/692] Building CXX object CMakeFiles/ardali-browser.dir/browser/native/core/performance_diagnostics.cpp.o
[88/692] Building CXX object CMakeFiles/ardali-browser.dir/browser/native/core/browser_profile_service.cpp.o
[89/692] Building CXX object CMakeFiles/ardali-browser.dir/browser/native/core/web_engine_memory_policy.cpp.o
[90/692] Building CXX object CMakeFiles/ardali-browser.dir/browser/native/core/search_engine_definition.cpp.o
[91/692] Building CXX object CMakeFiles/ardali-browser.dir/browser/native/core/browser_icons.cpp.o
[92/692] Building CXX object CMakeFiles/ardali-browser.dir/ardali-browser_autogen/mocs_compilation.cpp.o
[93/692] Building CXX object CMakeFiles/ardali-browser.dir/browser/native/core/domain_normalizer.cpp.o
[94/692] Building CXX object CMakeFiles/ardali-browser.dir/browser/native/core/search_suggestion_service.cpp.o
[95/692] Building CXX object CMakeFiles/ardali-browser.dir/browser/native/core/history_candidate_provider.cpp.o
[96/692] Building CXX object CMakeFiles/ardali-browser.dir/browser/native/core/bookmark_candidate_provider.cpp.o
[97/692] Building CXX object CMakeFiles/ardali-browser.dir/browser/native/core/frequent_sites_candidate_provider.cpp.o
[98/692] Building CXX object CMakeFiles/ardali-browser.dir/browser/native/core/composite_navigation_candidate_provider.cpp.o
[99/692] Building CXX object CMakeFiles/ardali-browser.dir/browser/native/newtab/new_tab_asset_resolver.cpp.o
[100/692] Building CXX object CMakeFiles/ardali-browser.dir/browser/native/core/address_input_resolver.cpp.o
[101/692] Building CXX object CMakeFiles/ardali-browser.dir/browser/native/newtab/new_tab_html.cpp.o
[102/692] Building CXX object CMakeFiles/ardali-browser.dir/browser/native/newtab/new_tab_background_store.cpp.o
[103/692] Building CXX object CMakeFiles/ardali-browser.dir/browser/native/desktop_tabs/system_memory_pressure_monitor.cpp.o
[104/692] Building CXX object CMakeFiles/ardali-browser.dir/browser/native/newtab/new_tab_scheme.cpp.o
[105/692] Building CXX object CMakeFiles/ardali-browser.dir/browser/native/desktop_tabs/tab_appearance.cpp.o
[106/692] Building CXX object CMakeFiles/ardali-browser.dir/browser/native/desktop_tabs/tab_manager.cpp.o
[107/692] Building CXX object CMakeFiles/ardali-browser.dir/browser/native/desktop_tabs/tab_throbber.cpp.o
[108/692] Building CXX object CMakeFiles/ardali-browser.dir/browser/native/desktop_tabs/tab_performance_manager.cpp.o
[109/692] Building CXX object CMakeFiles/ardali-browser.dir/browser/native/desktop_tabs/tab_hover_card.cpp.o
[110/692] Building CXX object CMakeFiles/ardali-browser.dir/browser/native/desktop_tabs/tab_layout_model.cpp.o
[111/692] Building CXX object CMakeFiles/ardali-browser.dir/browser/native/desktop_tabs/tab_strip_animator.cpp.o
[112/692] Building CXX object CMakeFiles/ardali-browser.dir/browser/native/desktop_tabs/tab_group_model.cpp.o
[113/692] Building CXX object CMakeFiles/ardali-browser.dir/browser/native/desktop_tabs/tab_group_launcher_popup.cpp.o
[114/692] Building CXX object CMakeFiles/ardali-browser.dir/browser/native/desktop_tabs/tab_drag_session.cpp.o
[115/692] Building CXX object CMakeFiles/ardali-browser.dir/browser/native/desktop_tabs/tab_group_popup.cpp.o
[116/692] Building CXX object CMakeFiles/ardali-browser.dir/browser/native/desktop_tabs/tab_strip_widget.cpp.o
[117/692] Building CXX object CMakeFiles/ardali-browser.dir/browser/native/desktop_tabs/tab_search_popup.cpp.o
[118/692] Building CXX object CMakeFiles/ardali-browser.dir/browser/native/desktop_tabs/tab_window_registry.cpp.o
[119/692] Building CXX object CMakeFiles/ardali-browser.dir/browser/native/audio/audio_platform_policy.cpp.o
[120/692] Building CXX object CMakeFiles/ardali-browser.dir/browser/native/desktop_tabs/detached_tab_window_controller.cpp.o
[121/692] Building CXX object CMakeFiles/ardali-browser.dir/browser/native/desktop_tabs/tab_drag_controller.cpp.o
[122/692] Building CXX object CMakeFiles/ardali-browser.dir/browser/native/desktop_tabs/platform/tab_drag_platform.cpp.o
[123/692] Building CXX object CMakeFiles/ardali-browser.dir/browser/native/session/session_store.cpp.o
[124/692] Building CXX object CMakeFiles/ardali-browser.dir/browser/native/audio/audio_capture_service.cpp.o
[125/692] Building CXX object CMakeFiles/ardali-browser.dir/browser/native/audio/audio_device_manager.cpp.o
[126/692] Building CXX object CMakeFiles/ardali-browser.dir/browser/native/audio/web_audio_effects_controller.cpp.o
[127/692] Building CXX object CMakeFiles/ardali-browser.dir/browser/native/eq/eq_preset_repository.cpp.o
[128/692] Building CXX object CMakeFiles/ardali-browser.dir/browser/native/eq/eq_preset_page.cpp.o
[129/692] Building CXX object CMakeFiles/ardali-browser.dir/browser/native/audio/audio_effects_page.cpp.o
[130/692] Building CXX object CMakeFiles/ardali-browser.dir/browser/native/blocker/ardali_blocker_settings.cpp.o
[131/692] Building CXX object CMakeFiles/ardali-browser.dir/browser/native/blocker/ardali_blocker_request_interceptor.cpp.o
[132/692] Building CXX object CMakeFiles/ardali-browser.dir/browser/native/blocker/ardali_blocker_engine.cpp.o
[133/692] Building CXX object CMakeFiles/ardali-browser.dir/browser/native/blocker/ardali_blocker_list_manager.cpp.o
[134/692] Building CXX object CMakeFiles/ardali-browser.dir/browser/native/settings/settings_page.cpp.o
[135/692] Building CXX object CMakeFiles/ardali-browser.dir/browser/native/blocker/ardali_blocker_shield_button.cpp.o
[136/692] Building CXX object CMakeFiles/ardali-browser.dir/browser/native/passwords/credential_vault.cpp.o
[137/692] Building CXX object CMakeFiles/ardali-browser.dir/browser/native/blocker/ardali_blocker_service.cpp.o
[138/692] Building CXX object CMakeFiles/ardali-browser.dir/browser/native/passwords/credential_vault_manager.cpp.o
[139/692] Building CXX object CMakeFiles/ardali-browser.dir/browser/native/blocker/ardali_blocker_page.cpp.o
[140/692] Building CXX object CMakeFiles/ardali-browser.dir/browser/native/passwords/credential_save_bubble.cpp.o
[141/692] Building CXX object CMakeFiles/ardali-browser.dir/browser/native/pulse/song_finder_settings.cpp.o
[142/692] Building CXX object CMakeFiles/ardali-browser.dir/browser/native/passwords/vault_unlock_dialog.cpp.o
[143/692] Building CXX object CMakeFiles/ardali-browser.dir/browser/native/pulse/big_listen_button.cpp.o
[144/692] Building CXX object CMakeFiles/ardali-browser.dir/browser/native/pulse/song_fingerprint.cpp.o
[145/692] Building CXX object CMakeFiles/ardali-browser.dir/browser/native/pulse/song_finder_settings_page.cpp.o
[146/692] Building CXX object CMakeFiles/ardali-browser.dir/browser/native/pulse/song_finder_page.cpp.o
[147/692] Building CXX object CMakeFiles/ardali-browser.dir/browser/native/passwords/credential_autofill_controller.cpp.o
[148/692] Building CXX object CMakeFiles/ardali-browser.dir/browser/native/passwords/password_manager_page.cpp.o
[149/692] Building CXX object CMakeFiles/ardali-browser.dir/browser/native/pulse/song_recognition_service.cpp.o
[150/692] Building CXX object CMakeFiles/ardali-browser.dir/browser/native/pulse/pulse_toolbar_button.cpp.o
[151/692] Building CXX object CMakeFiles/ardali-browser.dir/browser/native/downloads/local_media_routing.cpp.o
[152/692] Building CXX object CMakeFiles/ardali-browser.dir/browser/native/downloads/media_download_service.cpp.o
[153/692] Building CXX object CMakeFiles/ardali-browser.dir/browser/native/downloads/local_media_player_page.cpp.o
[154/692] Building CXX object CMakeFiles/ardali-browser.dir/browser/native/downloads/download_ui_model.cpp.o
[155/692] Building CXX object CMakeFiles/ardali-browser.dir/browser/native/downloads/media_download_page.cpp.o
[156/692] Building CXX object CMakeFiles/ardali-browser.dir/browser/native/downloads/media_platform_registry.cpp.o
[157/692] Building CXX object CMakeFiles/ardali-browser.dir/browser/native/downloads/download_toolbar_ui.cpp.o
[158/692] Building CXX object CMakeFiles/ardali-browser.dir/browser/native/downloads/general_download_manager.cpp.o
[159/692] Building CXX object CMakeFiles/ardali-browser.dir/browser/native/downloads/yt_dlp_update_manager.cpp.o
[160/692] Building CXX object CMakeFiles/ardali-browser.dir/browser/native/translate/translation_secret_store.cpp.o
[161/692] Building CXX object CMakeFiles/ardali-browser.dir/browser/native/translate/providers/libretranslate_provider.cpp.o
[162/692] Building CXX object CMakeFiles/ardali-browser.dir/browser/native/translate/translate_service.cpp.o
[163/692] Building CXX object CMakeFiles/ardali-browser.dir/browser/native/translate/providers/google_cloud_provider.cpp.o
[164/692] Building CXX object CMakeFiles/ardali-browser.dir/browser/native/translate/providers/deepl_provider.cpp.o
[165/692] Building CXX object CMakeFiles/ardali-browser.dir/browser/native/translate/providers/google_gtx_provider.cpp.o
[166/692] Building CXX object CMakeFiles/ardali-browser.dir/build-step2-debug-20260917/.qt/rcc/qrc_app_icons.cpp.o
[167/692] Building CXX object CMakeFiles/ardali-browser.dir/build-step2-debug-20260917/.qt/rcc/qrc_side_widget_icons.cpp.o
[168/692] Building CXX object CMakeFiles/ardali-browser.dir/build-step2-debug-20260917/.qt/rcc/qrc_app_icons_alias.cpp.o
[169/692] Building CXX object CMakeFiles/ardali-browser.dir/build-step2-debug-20260917/.qt/rcc/qrc_browser_icons.cpp.o
[170/692] Building CXX object CMakeFiles/ardali-browser.dir/build-step2-debug-20260917/.qt/rcc/qrc_search_engine_icons.cpp.o
[171/692] Building CXX object CMakeFiles/ardali-browser.dir/build-step2-debug-20260917/.qt/rcc/qrc_translate_scripts.cpp.o
[172/692] Building CXX object CMakeFiles/ardali-browser.dir/browser/native/translate/language_detector.cpp.o
[173/692] Building CXX object CMakeFiles/ardali-browser.dir/build-step2-debug-20260917/.qt/rcc/qrc_i18n_resources.cpp.o
[174/692] Building CXX object CMakeFiles/ardali-browser-policy-test.dir/ardali-browser-policy-test_autogen/mocs_compilation.cpp.o
[175/692] Building CXX object CMakeFiles/ardali-browser.dir/build-step2-debug-20260917/.qt/rcc/qrc_new_tab_asset_fallbacks.cpp.o
[176/692] Building CXX object CMakeFiles/ardali-browser-security-utils-test.dir/ardali-browser-security-utils-test_autogen/mocs_compilation.cpp.o
[177/692] Building CXX object CMakeFiles/ardali-browser.dir/browser/native/translate/translate_bubble_popup.cpp.o
[178/692] Building CXX object CMakeFiles/ardali-browser-policy-test.dir/browser/native/tests/browser_policy_test.cpp.o
[179/692] Building CXX object CMakeFiles/ardali-browser-web-engine-hardware-acceleration-test.dir/ardali-browser-web-engine-hardware-acceleration-test_autogen/mocs_compilation.cpp.o
[180/692] Building CXX object CMakeFiles/ardali-browser.dir/browser/native/i18n/language_manager.cpp.o
[181/692] Building CXX object CMakeFiles/ardali-browser.dir/browser/native/translate/page_translator.cpp.o
[182/692] Building CXX object CMakeFiles/ardali-browser-web-engine-memory-policy-test.dir/ardali-browser-web-engine-memory-policy-test_autogen/mocs_compilation.cpp.o
[183/692] Building CXX object CMakeFiles/ardali-browser-policy-test.dir/browser/native/core/browser_policy.cpp.o
[184/692] Building CXX object CMakeFiles/ardali-browser-security-utils-test.dir/browser/native/tests/security_utils_test.cpp.o
[185/692] Building CXX object CMakeFiles/ardali-browser-eq-preset-repository-test.dir/ardali-browser-eq-preset-repository-test_autogen/mocs_compilation.cpp.o
[186/692] Building CXX object CMakeFiles/ardali-browser-web-engine-hardware-acceleration-test.dir/browser/native/tests/web_engine_hardware_acceleration_test.cpp.o
[187/692] Building CXX object CMakeFiles/ardali-browser-security-utils-test.dir/browser/native/core/security_utils.cpp.o
[188/692] Building CXX object CMakeFiles/ardali-browser.dir/browser/native/main.cpp.o
[189/692] Building CXX object CMakeFiles/ardali-browser-eq-preset-repository-test.dir/browser/native/tests/eq_preset_repository_test.cpp.o
[190/692] Building CXX object CMakeFiles/ardali-browser-web-engine-memory-policy-test.dir/browser/native/tests/web_engine_memory_policy_test.cpp.o
[191/692] Building CXX object CMakeFiles/ardali-browser-web-engine-hardware-acceleration-test.dir/browser/native/core/web_engine_hardware_acceleration.cpp.o
[192/692] Building CXX object CMakeFiles/ardali-browser-web-engine-memory-policy-test.dir/browser/native/core/web_engine_memory_policy.cpp.o
[193/692] Building CXX object CMakeFiles/ardali-browser-web-audio-effects-test.dir/browser/native/audio/audio_platform_policy.cpp.o
[194/692] Building CXX object CMakeFiles/ardali-browser-web-audio-effects-test.dir/ardali-browser-web-audio-effects-test_autogen/mocs_compilation.cpp.o
[195/692] Building CXX object CMakeFiles/ardali-browser-eq-preset-repository-test.dir/browser/native/eq/eq_preset_repository.cpp.o
[196/692] Building CXX object CMakeFiles/ardali-browser-web-audio-effects-test.dir/browser/native/tests/web_audio_effects_controller_test.cpp.o
[197/692] Building CXX object CMakeFiles/ardali-browser-web-audio-effects-test.dir/browser/native/eq/eq_preset_repository.cpp.o
[198/692] Building CXX object CMakeFiles/ardali-browser.dir/browser/native/browser_window.cpp.o
[199/692] Building CXX object CMakeFiles/ardali-browser-credential-vault-test.dir/ardali-browser-credential-vault-test_autogen/mocs_compilation.cpp.o
[200/692] Building CXX object CMakeFiles/ardali-browser-web-audio-effects-test.dir/browser/native/audio/web_audio_effects_controller.cpp.o
[201/692] Building CXX object CMakeFiles/ardali-browser-web-audio-effects-test.dir/browser/native/eq/eq_preset_page.cpp.o
[202/692] Building CXX object CMakeFiles/ardali-browser-credential-vault-test.dir/browser/native/tests/credential_vault_test.cpp.o
[203/692] Building CXX object CMakeFiles/ardali-browser-web-audio-effects-test.dir/browser/native/audio/audio_effects_page.cpp.o
[204/692] Building CXX object CMakeFiles/ardali-password-manager-page-test.dir/ardali-password-manager-page-test_autogen/mocs_compilation.cpp.o
[205/692] Building CXX object CMakeFiles/ardali-browser-credential-vault-test.dir/browser/native/passwords/credential_vault.cpp.o
[206/692] Building CXX object CMakeFiles/ardali-browser-credential-vault-test.dir/browser/native/passwords/credential_vault_manager.cpp.o
[207/692] Building CXX object CMakeFiles/ardali-password-manager-page-test.dir/browser/native/tests/password_manager_page_test.cpp.o
[208/692] Building CXX object CMakeFiles/ardali-password-manager-page-test.dir/browser/native/passwords/credential_vault.cpp.o
[209/692] Building CXX object CMakeFiles/ardali-password-manager-page-test.dir/browser/native/passwords/credential_vault_manager.cpp.o
[210/692] Building CXX object CMakeFiles/ardali-browser-song-finder-test.dir/browser/native/pulse/song_finder_settings.cpp.o
[211/692] Building CXX object CMakeFiles/ardali-browser-song-finder-test.dir/ardali-browser-song-finder-test_autogen/mocs_compilation.cpp.o
[212/692] Building CXX object CMakeFiles/ardali-browser-song-finder-test.dir/browser/native/tests/song_finder_test.cpp.o
[213/692] Building CXX object CMakeFiles/ardali-browser-song-finder-test.dir/browser/native/audio/audio_device_manager.cpp.o
[214/692] Building CXX object CMakeFiles/ardali-browser-song-finder-test.dir/browser/native/pulse/song_fingerprint.cpp.o
[215/692] Building CXX object CMakeFiles/ardali-password-manager-page-test.dir/browser/native/passwords/password_manager_page.cpp.o
[216/692] Building CXX object CMakeFiles/ardali-browser-song-finder-test.dir/browser/native/audio/audio_capture_service.cpp.o
[217/692] Building CXX object CMakeFiles/ardali-browser-song-finder-test.dir/browser/native/core/security_utils.cpp.o
[218/692] Building CXX object CMakeFiles/ardali-browser-media-download-service-test.dir/ardali-browser-media-download-service-test_autogen/mocs_compilation.cpp.o
[219/692] Building CXX object CMakeFiles/ardali-browser-media-download-service-test.dir/browser/native/tests/media_download_service_test.cpp.o
[220/692] Building CXX object CMakeFiles/ardali-browser-general-download-manager-test.dir/ardali-browser-general-download-manager-test_autogen/mocs_compilation.cpp.o
[221/692] Building CXX object CMakeFiles/ardali-browser-new-tab-asset-resolver-test.dir/ardali-browser-new-tab-asset-resolver-test_autogen/mocs_compilation.cpp.o
[222/692] Building CXX object CMakeFiles/ardali-browser-media-download-service-test.dir/browser/native/core/security_utils.cpp.o
[223/692] Building CXX object CMakeFiles/ardali-browser-song-finder-test.dir/browser/native/pulse/song_recognition_service.cpp.o
[224/692] Building CXX object CMakeFiles/ardali-browser-download-ui-model-test.dir/ardali-browser-download-ui-model-test_autogen/mocs_compilation.cpp.o
[225/692] Building CXX object CMakeFiles/ardali-browser-media-download-service-test.dir/browser/native/downloads/yt_dlp_update_manager.cpp.o
[226/692] Building CXX object CMakeFiles/ardali-browser-local-media-routing-test.dir/ardali-browser-local-media-routing-test_autogen/mocs_compilation.cpp.o
[227/692] Building CXX object CMakeFiles/ardali-browser-media-download-service-test.dir/browser/native/downloads/media_download_service.cpp.o
[228/692] Building CXX object CMakeFiles/ardali-browser-general-download-manager-test.dir/browser/native/core/security_utils.cpp.o
[229/692] Building CXX object CMakeFiles/ardali-browser-application-identity-test.dir/ardali-browser-application-identity-test_autogen/mocs_compilation.cpp.o
[230/692] Building CXX object CMakeFiles/ardali-browser-new-tab-asset-resolver-test.dir/browser/native/newtab/new_tab_asset_resolver.cpp.o
[231/692] Building CXX object CMakeFiles/ardali-browser-new-tab-asset-resolver-test.dir/browser/native/tests/new_tab_asset_resolver_test.cpp.o
[232/692] Building CXX object CMakeFiles/ardali-browser-media-platform-registry-test.dir/ardali-browser-media-platform-registry-test_autogen/mocs_compilation.cpp.o
[233/692] Building CXX object CMakeFiles/ardali-browser-download-ui-model-test.dir/browser/native/tests/download_ui_model_test.cpp.o
[234/692] Building CXX object CMakeFiles/ardali-browser-general-download-manager-test.dir/browser/native/downloads/general_download_manager.cpp.o
[235/692] Building CXX object CMakeFiles/ardali-browser-local-media-routing-test.dir/browser/native/tests/local_media_routing_test.cpp.o
[236/692] Building CXX object CMakeFiles/ardali-browser-general-download-manager-test.dir/browser/native/tests/general_download_manager_test.cpp.o
[237/692] Building CXX object CMakeFiles/ardali-browser-media-platform-registry-test.dir/browser/native/tests/media_platform_registry_test.cpp.o
[238/692] Building CXX object CMakeFiles/ardali-browser-local-media-routing-test.dir/browser/native/downloads/local_media_routing.cpp.o
[239/692] Building CXX object CMakeFiles/ardali-browser-application-identity-test.dir/browser/native/core/application_identity.cpp.o
[240/692] Building CXX object CMakeFiles/ardali-browser-application-identity-test.dir/browser/native/tests/application_identity_test.cpp.o
[241/692] Building CXX object CMakeFiles/ardali-browser-media-platform-registry-test.dir/browser/native/downloads/media_platform_registry.cpp.o
[242/692] Building CXX object CMakeFiles/ardali-browser-desktop-tab-system-test.dir/browser/native/desktop_tabs/tab_appearance.cpp.o
[243/692] Building CXX object CMakeFiles/ardali-browser-desktop-tab-system-test.dir/ardali-browser-desktop-tab-system-test_autogen/mocs_compilation.cpp.o
[244/692] Building CXX object CMakeFiles/ardali-browser-desktop-tab-system-test.dir/browser/native/desktop_tabs/tab_layout_model.cpp.o
[245/692] Building CXX object CMakeFiles/ardali-browser-desktop-tab-system-test.dir/browser/native/tests/desktop_tab_system_test.cpp.o
[246/692] Building CXX object CMakeFiles/ardali-browser-desktop-tab-system-test.dir/browser/native/desktop_tabs/tab_strip_animator.cpp.o
[247/692] Building CXX object CMakeFiles/ardali-browser-desktop-tab-system-test.dir/browser/native/desktop_tabs/tab_drag_session.cpp.o
[248/692] Building CXX object CMakeFiles/ardali-browser-desktop-tab-system-test.dir/browser/native/desktop_tabs/tab_group_model.cpp.o
[249/692] Building CXX object CMakeFiles/ardali-browser-desktop-tab-system-test.dir/browser/native/desktop_tabs/tab_window_registry.cpp.o
[250/692] Building CXX object CMakeFiles/ardali-browser-tab-drag-controller-test.dir/browser/native/desktop_tabs/tab_appearance.cpp.o
[251/692] Building CXX object CMakeFiles/ardali-browser-desktop-tab-system-test.dir/browser/native/desktop_tabs/tab_strip_widget.cpp.o
[252/692] Building CXX object CMakeFiles/ardali-browser-desktop-tab-system-test.dir/browser/native/desktop_tabs/detached_tab_window_controller.cpp.o
[253/692] Building CXX object CMakeFiles/ardali-browser-desktop-tab-system-test.dir/browser/native/desktop_tabs/platform/tab_drag_platform.cpp.o
[254/692] Building CXX object CMakeFiles/ardali-browser-desktop-tab-system-test.dir/browser/native/desktop_tabs/tab_drag_controller.cpp.o
[255/692] Building CXX object CMakeFiles/ardali-browser-tab-drag-controller-test.dir/browser/native/tests/tab_drag_controller_test.cpp.o
[256/692] Building CXX object CMakeFiles/ardali-browser-tab-drag-controller-test.dir/ardali-browser-tab-drag-controller-test_autogen/mocs_compilation.cpp.o
[257/692] Building CXX object CMakeFiles/ardali-browser-tab-drag-controller-test.dir/browser/native/desktop_tabs/tab_layout_model.cpp.o
[258/692] Building CXX object CMakeFiles/ardali-browser-tab-drag-controller-test.dir/browser/native/desktop_tabs/tab_strip_animator.cpp.o
[259/692] Building CXX object CMakeFiles/ardali-browser-tab-drag-controller-test.dir/browser/native/desktop_tabs/tab_drag_session.cpp.o
[260/692] Building CXX object CMakeFiles/ardali-browser-tab-drag-controller-test.dir/browser/native/desktop_tabs/tab_group_model.cpp.o
[261/692] Building CXX object CMakeFiles/ardali-browser-tab-drag-controller-test.dir/browser/native/desktop_tabs/tab_window_registry.cpp.o
[262/692] Building CXX object CMakeFiles/ardali-browser-tab-drag-controller-test.dir/browser/native/desktop_tabs/detached_tab_window_controller.cpp.o
[263/692] Building CXX object CMakeFiles/ardali-browser-tab-drag-controller-test.dir/browser/native/desktop_tabs/tab_strip_widget.cpp.o
[264/692] Building CXX object CMakeFiles/ardali-browser-tab-drag-controller-test.dir/browser/native/desktop_tabs/platform/tab_drag_platform.cpp.o
[265/692] Building CXX object CMakeFiles/ardali-browser-critical-tab-drag-scenario-test.dir/browser/native/desktop_tabs/tab_appearance.cpp.o
[266/692] Building CXX object CMakeFiles/ardali-browser-tab-drag-controller-test.dir/browser/native/desktop_tabs/tab_drag_controller.cpp.o
[267/692] Building CXX object CMakeFiles/ardali-browser-critical-tab-drag-scenario-test.dir/ardali-browser-critical-tab-drag-scenario-test_autogen/mocs_compilation.cpp.o
[268/692] Building CXX object CMakeFiles/ardali-browser-critical-tab-drag-scenario-test.dir/browser/native/tests/critical_tab_drag_scenario_test.cpp.o
[269/692] Building CXX object CMakeFiles/ardali-browser-critical-tab-drag-scenario-test.dir/browser/native/desktop_tabs/tab_layout_model.cpp.o
[270/692] Building CXX object CMakeFiles/ardali-browser-critical-tab-drag-scenario-test.dir/browser/native/desktop_tabs/tab_group_model.cpp.o
[271/692] Building CXX object CMakeFiles/ardali-browser-critical-tab-drag-scenario-test.dir/browser/native/desktop_tabs/tab_strip_animator.cpp.o
[272/692] Building CXX object CMakeFiles/ardali-browser-critical-tab-drag-scenario-test.dir/browser/native/desktop_tabs/tab_drag_session.cpp.o
[273/692] Building CXX object CMakeFiles/ardali-browser-critical-tab-drag-scenario-test.dir/browser/native/desktop_tabs/tab_window_registry.cpp.o
[274/692] Building CXX object CMakeFiles/ardali-browser-critical-tab-drag-scenario-test.dir/browser/native/desktop_tabs/tab_strip_widget.cpp.o
[275/692] Building CXX object CMakeFiles/ardali-browser-runtime-feature-integration-test.dir/browser/native/audio/audio_platform_policy.cpp.o
[276/692] Building CXX object CMakeFiles/ardali-browser-critical-tab-drag-scenario-test.dir/browser/native/desktop_tabs/detached_tab_window_controller.cpp.o
[277/692] Building CXX object CMakeFiles/ardali-browser-critical-tab-drag-scenario-test.dir/browser/native/desktop_tabs/platform/tab_drag_platform.cpp.o
[278/692] Building CXX object CMakeFiles/ardali-browser-critical-tab-drag-scenario-test.dir/browser/native/desktop_tabs/tab_drag_controller.cpp.o
[279/692] Building CXX object CMakeFiles/ardali-browser-runtime-feature-integration-test.dir/browser/native/tests/runtime_feature_integration_test.cpp.o
[280/692] Building CXX object CMakeFiles/ardali-browser-runtime-feature-integration-test.dir/ardali-browser-runtime-feature-integration-test_autogen/mocs_compilation.cpp.o
[281/692] Building CXX object CMakeFiles/ardali-browser-runtime-feature-integration-test.dir/browser/native/blocker/ardali_blocker_request_interceptor.cpp.o
[282/692] Building CXX object CMakeFiles/ardali-browser-runtime-feature-integration-test.dir/browser/native/blocker/ardali_blocker_settings.cpp.o
[283/692] Building CXX object CMakeFiles/ardali-browser-runtime-feature-integration-test.dir/browser/native/audio/web_audio_effects_controller.cpp.o
[284/692] Building CXX object CMakeFiles/ardali-browser-runtime-feature-integration-test.dir/browser/native/blocker/ardali_blocker_list_manager.cpp.o
[285/692] Building CXX object CMakeFiles/ardali-browser-runtime-feature-integration-test.dir/browser/native/blocker/ardali_blocker_engine.cpp.o
[286/692] Building CXX object CMakeFiles/ardali-browser-runtime-feature-integration-test.dir/browser/native/pulse/song_finder_settings.cpp.o
[287/692] Building CXX object CMakeFiles/ardali-browser-runtime-feature-integration-test.dir/browser/native/audio/audio_capture_service.cpp.o
[288/692] Building CXX object CMakeFiles/ardali-browser-runtime-feature-integration-test.dir/browser/native/blocker/ardali_blocker_service.cpp.o
[289/692] Building CXX object CMakeFiles/ardali-browser-runtime-feature-integration-test.dir/browser/native/audio/audio_device_manager.cpp.o
[290/692] Building CXX object CMakeFiles/ardali-browser-runtime-feature-integration-test.dir/browser/native/pulse/song_fingerprint.cpp.o
[291/692] Building CXX object CMakeFiles/ardali-browser-runtime-feature-integration-test.dir/browser/native/newtab/new_tab_scheme.cpp.o
[292/692] Building CXX object CMakeFiles/ardali-browser-runtime-feature-integration-test.dir/browser/native/newtab/new_tab_html.cpp.o
[293/692] Building CXX object CMakeFiles/ardali-browser-runtime-feature-integration-test.dir/browser/native/core/search_engine_definition.cpp.o
[294/692] Building CXX object CMakeFiles/ardali-browser-runtime-feature-integration-test.dir/browser/native/pulse/song_recognition_service.cpp.o
[295/692] Building CXX object CMakeFiles/ardali-browser-runtime-feature-integration-test.dir/browser/native/core/security_utils.cpp.o
[296/692] Building CXX object CMakeFiles/ardali-browser-phase2a-policy-test.dir/ardali-browser-phase2a-policy-test_autogen/mocs_compilation.cpp.o
[297/692] Building CXX object CMakeFiles/ardali-browser-runtime-feature-integration-test.dir/browser/native/core/search_suggestion_service.cpp.o
[298/692] Building CXX object CMakeFiles/ardali-browser-phase2a-policy-test.dir/browser/native/audio/audio_platform_policy.cpp.o
[299/692] Building CXX object CMakeFiles/ardali-browser-runtime-feature-integration-test.dir/browser/native/downloads/yt_dlp_update_manager.cpp.o
[300/692] Building CXX object CMakeFiles/ardali-browser-phase2a-policy-test.dir/browser/native/tests/phase2a_policy_test.cpp.o
[301/692] Building CXX object CMakeFiles/ardali-browser-runtime-feature-integration-test.dir/browser/native/downloads/media_download_service.cpp.o
[302/692] Building CXX object CMakeFiles/ardali-browser-phase2a-policy-test.dir/browser/native/audio/audio_device_manager.cpp.o
[303/692] Building CXX object CMakeFiles/ardali-browser-runtime-feature-integration-test.dir/browser/native/blocker/ardali_blocker_shield_button.cpp.o
[304/692] Building CXX object CMakeFiles/ardali-browser-phase2a-policy-test.dir/browser/native/core/browser_permission_policy.cpp.o
[305/692] Building CXX object CMakeFiles/ardali-browser-phase2a-policy-test.dir/browser/native/core/security_utils.cpp.o
[306/692] Building CXX object CMakeFiles/ardali-browser-tab-scheduler-retry-test.dir/ardali-browser-tab-scheduler-retry-test_autogen/mocs_compilation.cpp.o
[307/692] Building CXX object CMakeFiles/ardali-browser-tab-scheduler-retry-test.dir/browser/native/tests/tab_scheduler_retry_test.cpp.o
[308/692] Building CXX object CMakeFiles/ardali-browser-tab-scheduler-retry-test.dir/browser/native/desktop_tabs/system_memory_pressure_monitor.cpp.o
[309/692] Building CXX object CMakeFiles/ardali-browser-tab-scheduler-retry-test.dir/browser/native/desktop_tabs/tab_manager.cpp.o
[310/692] Building CXX object CMakeFiles/ardali-browser-address-input-resolver-test.dir/ardali-browser-address-input-resolver-test_autogen/mocs_compilation.cpp.o
[311/692] Building CXX object CMakeFiles/ardali-browser-tab-hover-card-test.dir/browser/native/tests/tab_hover_card_test.cpp.o
[312/692] Building CXX object CMakeFiles/ardali-browser-tab-hover-card-test.dir/ardali-browser-tab-hover-card-test_autogen/mocs_compilation.cpp.o
[313/692] Building CXX object CMakeFiles/ardali-browser-tab-scheduler-retry-test.dir/browser/native/desktop_tabs/tab_performance_manager.cpp.o
[314/692] Building CXX object CMakeFiles/ardali-browser-omnibox-navigation-integration-test.dir/ardali-browser-omnibox-navigation-integration-test_autogen/mocs_compilation.cpp.o
[315/692] Building CXX object CMakeFiles/ardali-browser-tab-hover-card-test.dir/browser/native/core/browser_icons.cpp.o
[316/692] Building CXX object CMakeFiles/ardali-browser-tab-hover-card-test.dir/browser/native/core/search_engine_definition.cpp.o
[317/692] Building CXX object CMakeFiles/ardali-browser-tab-hover-card-test.dir/browser/native/desktop_tabs/tab_hover_card.cpp.o
[318/692] Building CXX object CMakeFiles/ardali-browser-address-input-resolver-test.dir/browser/native/core/search_engine_definition.cpp.o
[319/692] Building CXX object CMakeFiles/ardali-browser-tab-hover-card-test.dir/browser/native/core/search_suggestion_service.cpp.o
[320/692] Building CXX object CMakeFiles/ardali-browser-address-input-resolver-test.dir/browser/native/tests/address_input_resolver_test.cpp.o
[321/692] Building CXX object CMakeFiles/ardali-browser-omnibox-navigation-integration-test.dir/browser/native/core/search_engine_definition.cpp.o
[322/692] Building CXX object CMakeFiles/ardali-browser-address-input-resolver-test.dir/browser/native/core/address_input_resolver.cpp.o
[323/692] Building CXX object CMakeFiles/ardali-browser-smart-omnibox-phase2-test.dir/browser/native/core/search_engine_definition.cpp.o
[324/692] Building CXX object CMakeFiles/ardali-browser-omnibox-navigation-integration-test.dir/browser/native/tests/omnibox_navigation_integration_test.cpp.o
[325/692] Building CXX object CMakeFiles/ardali-browser-omnibox-navigation-integration-test.dir/browser/native/core/address_input_resolver.cpp.o
[326/692] Building CXX object CMakeFiles/ardali-browser-smart-omnibox-phase2-test.dir/ardali-browser-smart-omnibox-phase2-test_autogen/mocs_compilation.cpp.o
[327/692] Building CXX object CMakeFiles/ardali-browser-smart-omnibox-phase2-test.dir/browser/native/tests/smart_omnibox_phase2_test.cpp.o
[328/692] Building CXX object CMakeFiles/ardali-browser-smart-omnibox-phase2-test.dir/browser/native/core/domain_normalizer.cpp.o
[329/692] Building CXX object CMakeFiles/ardali-browser-smart-omnibox-phase2-test.dir/browser/native/core/address_input_resolver.cpp.o
[330/692] Building CXX object CMakeFiles/ardali-browser-smart-omnibox-phase2-test.dir/browser/native/core/history_candidate_provider.cpp.o
[331/692] Building CXX object CMakeFiles/ardali-browser-smart-omnibox-phase2-test.dir/browser/native/core/bookmark_candidate_provider.cpp.o
[332/692] Building CXX object CMakeFiles/ardali-browser-smart-omnibox-phase2-test.dir/browser/native/core/frequent_sites_candidate_provider.cpp.o
[333/692] Building CXX object CMakeFiles/ardali-browser-smart-omnibox-phase2-test.dir/browser/native/core/composite_navigation_candidate_provider.cpp.o
[334/692] Building CXX object CMakeFiles/smart_omnibox_phase2_1_test.dir/smart_omnibox_phase2_1_test_autogen/mocs_compilation.cpp.o
[335/692] Building CXX object CMakeFiles/smart_omnibox_phase2_1_test.dir/browser/native/core/search_engine_definition.cpp.o
[336/692] Building CXX object CMakeFiles/smart_omnibox_phase2_1_test.dir/browser/native/core/search_suggestion_service.cpp.o
[337/692] Building CXX object CMakeFiles/smart_omnibox_phase2_1_test.dir/browser/native/core/browser_policy.cpp.o
[338/692] Building CXX object CMakeFiles/smart_omnibox_phase2_1_test.dir/browser/native/tests/smart_omnibox_phase2_1_test.cpp.o
[339/692] Building CXX object CMakeFiles/smart_omnibox_phase2_1_test.dir/browser/native/core/security_utils.cpp.o
[340/692] Building CXX object CMakeFiles/smart_omnibox_phase2_1_test.dir/browser/native/newtab/new_tab_html.cpp.o
[341/692] Building CXX object CMakeFiles/smart_omnibox_phase2_1_test.dir/browser/native/downloads/general_download_manager.cpp.o
[342/692] Building CXX object CMakeFiles/smart_omnibox_phase2_1_test.dir/browser/native/newtab/new_tab_asset_resolver.cpp.o
[343/692] Building CXX object CMakeFiles/smart_omnibox_phase2_1_test.dir/browser/native/core/browser_profile_service.cpp.o
[344/692] Building CXX object CMakeFiles/smart_omnibox_phase2_1_test.dir/browser/native/newtab/new_tab_background_store.cpp.o
[345/692] Building CXX object CMakeFiles/smart_omnibox_phase2_1_test.dir/browser/native/blocker/ardali_blocker_settings.cpp.o
[346/692] Building CXX object CMakeFiles/smart_omnibox_phase2_1_test.dir/browser/native/newtab/new_tab_scheme.cpp.o
[347/692] Building CXX object CMakeFiles/smart_omnibox_phase2_1_test.dir/browser/native/blocker/ardali_blocker_request_interceptor.cpp.o
[348/692] Building CXX object CMakeFiles/smart_omnibox_phase2_1_test.dir/browser/native/blocker/ardali_blocker_engine.cpp.o
[349/692] Building CXX object CMakeFiles/smart_omnibox_phase2_1_test.dir/browser/native/blocker/ardali_blocker_list_manager.cpp.o
[350/692] Building CXX object CMakeFiles/smart_omnibox_phase2_1_test.dir/browser/native/translate/translation_secret_store.cpp.o
[351/692] Building CXX object CMakeFiles/smart_omnibox_phase2_1_test.dir/browser/native/passwords/credential_vault.cpp.o
[352/692] Building CXX object CMakeFiles/smart_omnibox_phase2_1_test.dir/browser/native/passwords/credential_vault_manager.cpp.o
[353/692] Building CXX object CMakeFiles/smart_omnibox_phase2_1_test.dir/browser/native/translate/providers/libretranslate_provider.cpp.o
[354/692] Building CXX object CMakeFiles/smart_omnibox_phase2_1_test.dir/browser/native/translate/translate_service.cpp.o
[355/692] Building CXX object CMakeFiles/smart_omnibox_phase2_1_test.dir/browser/native/translate/providers/deepl_provider.cpp.o
[356/692] Building CXX object CMakeFiles/smart_omnibox_phase2_1_test.dir/browser/native/translate/providers/google_cloud_provider.cpp.o
[357/692] Building CXX object CMakeFiles/smart_omnibox_phase2_1_test.dir/browser/native/translate/providers/google_gtx_provider.cpp.o
[358/692] Building CXX object CMakeFiles/smart_omnibox_phase2_1_test.dir/browser/native/blocker/ardali_blocker_service.cpp.o
[359/692] Building CXX object CMakeFiles/ardali-phase22d-integration-test.dir/browser/native/core/application_identity.cpp.o
[360/692] Building CXX object CMakeFiles/ardali-phase22d-integration-test.dir/browser/native/core/browser_permission_policy.cpp.o
[361/692] Building CXX object CMakeFiles/ardali-phase22d-integration-test.dir/browser/native/core/site_permission_prompt_bubble.cpp.o
[362/692] Building CXX object CMakeFiles/ardali-phase22d-integration-test.dir/browser/native/core/site_controls_bubble.cpp.o
[363/692] Building CXX object CMakeFiles/ardali-phase22d-integration-test.dir/browser/native/core/security_utils.cpp.o
[364/692] Building CXX object CMakeFiles/ardali-phase22d-integration-test.dir/browser/native/core/browser_policy.cpp.o
[365/692] Building CXX object CMakeFiles/ardali-phase22d-integration-test.dir/browser/native/core/performance_diagnostics.cpp.o
[366/692] Building CXX object CMakeFiles/ardali-phase22d-integration-test.dir/browser/native/core/web_engine_hardware_acceleration.cpp.o
[367/692] Building CXX object CMakeFiles/ardali-phase22d-integration-test.dir/browser/native/core/browser_profile_service.cpp.o
[368/692] Building CXX object CMakeFiles/ardali-phase22d-integration-test.dir/browser/native/core/web_engine_memory_policy.cpp.o
[369/692] Building CXX object CMakeFiles/ardali-phase22d-integration-test.dir/browser/native/core/search_engine_definition.cpp.o
[370/692] Building CXX object CMakeFiles/ardali-phase22d-integration-test.dir/browser/native/core/browser_icons.cpp.o
[371/692] Building CXX object CMakeFiles/ardali-phase22d-integration-test.dir/ardali-phase22d-integration-test_autogen/mocs_compilation.cpp.o
[372/692] Building CXX object CMakeFiles/ardali-phase22d-integration-test.dir/browser/native/core/domain_normalizer.cpp.o
[373/692] Building CXX object CMakeFiles/ardali-phase22d-integration-test.dir/browser/native/core/search_suggestion_service.cpp.o
[374/692] Building CXX object CMakeFiles/ardali-phase22d-integration-test.dir/browser/native/core/history_candidate_provider.cpp.o
[375/692] Building CXX object CMakeFiles/ardali-phase22d-integration-test.dir/browser/native/core/bookmark_candidate_provider.cpp.o
[376/692] Building CXX object CMakeFiles/ardali-phase22d-integration-test.dir/browser/native/core/frequent_sites_candidate_provider.cpp.o
[377/692] Building CXX object CMakeFiles/ardali-phase22d-integration-test.dir/browser/native/newtab/new_tab_asset_resolver.cpp.o
[378/692] Building CXX object CMakeFiles/ardali-phase22d-integration-test.dir/browser/native/core/address_input_resolver.cpp.o
[379/692] Building CXX object CMakeFiles/ardali-phase22d-integration-test.dir/browser/native/core/composite_navigation_candidate_provider.cpp.o
[380/692] Building CXX object CMakeFiles/ardali-phase22d-integration-test.dir/browser/native/newtab/new_tab_html.cpp.o
[381/692] Building CXX object CMakeFiles/ardali-phase22d-integration-test.dir/browser/native/newtab/new_tab_background_store.cpp.o
[382/692] Building CXX object CMakeFiles/ardali-phase22d-integration-test.dir/browser/native/desktop_tabs/system_memory_pressure_monitor.cpp.o
[383/692] Building CXX object CMakeFiles/ardali-phase22d-integration-test.dir/browser/native/newtab/new_tab_scheme.cpp.o
[384/692] Building CXX object CMakeFiles/ardali-phase22d-integration-test.dir/browser/native/desktop_tabs/tab_appearance.cpp.o
[385/692] Building CXX object CMakeFiles/ardali-phase22d-integration-test.dir/browser/native/desktop_tabs/tab_manager.cpp.o
[386/692] Building CXX object CMakeFiles/ardali-phase22d-integration-test.dir/browser/native/desktop_tabs/tab_throbber.cpp.o
[387/692] Building CXX object CMakeFiles/ardali-phase22d-integration-test.dir/browser/native/desktop_tabs/tab_performance_manager.cpp.o
[388/692] Building CXX object CMakeFiles/ardali-phase22d-integration-test.dir/browser/native/desktop_tabs/tab_hover_card.cpp.o
[389/692] Building CXX object CMakeFiles/ardali-phase22d-integration-test.dir/browser/native/desktop_tabs/tab_layout_model.cpp.o
[390/692] Building CXX object CMakeFiles/ardali-phase22d-integration-test.dir/browser/native/desktop_tabs/tab_strip_animator.cpp.o
[391/692] Building CXX object CMakeFiles/ardali-phase22d-integration-test.dir/browser/native/desktop_tabs/tab_group_model.cpp.o
[392/692] Building CXX object CMakeFiles/ardali-phase22d-integration-test.dir/browser/native/desktop_tabs/tab_group_launcher_popup.cpp.o
[393/692] Building CXX object CMakeFiles/ardali-phase22d-integration-test.dir/browser/native/desktop_tabs/tab_group_popup.cpp.o
[394/692] Building CXX object CMakeFiles/ardali-phase22d-integration-test.dir/browser/native/desktop_tabs/tab_strip_widget.cpp.o
[395/692] Building CXX object CMakeFiles/ardali-phase22d-integration-test.dir/browser/native/desktop_tabs/tab_search_popup.cpp.o
[396/692] Building CXX object CMakeFiles/ardali-phase22d-integration-test.dir/browser/native/desktop_tabs/tab_drag_session.cpp.o
[397/692] Building CXX object CMakeFiles/ardali-phase22d-integration-test.dir/browser/native/desktop_tabs/tab_window_registry.cpp.o
[398/692] Building CXX object CMakeFiles/ardali-phase22d-integration-test.dir/browser/native/desktop_tabs/detached_tab_window_controller.cpp.o
[399/692] Building CXX object CMakeFiles/ardali-phase22d-integration-test.dir/browser/native/audio/audio_platform_policy.cpp.o
[400/692] Building CXX object CMakeFiles/ardali-phase22d-integration-test.dir/browser/native/desktop_tabs/platform/tab_drag_platform.cpp.o
[401/692] Building CXX object CMakeFiles/ardali-phase22d-integration-test.dir/browser/native/desktop_tabs/tab_drag_controller.cpp.o
[402/692] Building CXX object CMakeFiles/ardali-phase22d-integration-test.dir/browser/native/session/session_store.cpp.o
[403/692] Building CXX object CMakeFiles/ardali-phase22d-integration-test.dir/browser/native/audio/audio_capture_service.cpp.o
[404/692] Building CXX object CMakeFiles/ardali-phase22d-integration-test.dir/browser/native/audio/audio_device_manager.cpp.o
[405/692] Building CXX object CMakeFiles/ardali-phase22d-integration-test.dir/browser/native/audio/web_audio_effects_controller.cpp.o
[406/692] Building CXX object CMakeFiles/ardali-phase22d-integration-test.dir/browser/native/eq/eq_preset_repository.cpp.o
[407/692] Building CXX object CMakeFiles/ardali-phase22d-integration-test.dir/browser/native/eq/eq_preset_page.cpp.o
[408/692] Building CXX object CMakeFiles/ardali-phase22d-integration-test.dir/browser/native/audio/audio_effects_page.cpp.o
[409/692] Building CXX object CMakeFiles/ardali-phase22d-integration-test.dir/browser/native/blocker/ardali_blocker_settings.cpp.o
[410/692] Building CXX object CMakeFiles/ardali-phase22d-integration-test.dir/browser/native/blocker/ardali_blocker_request_interceptor.cpp.o
[411/692] Building CXX object CMakeFiles/ardali-phase22d-integration-test.dir/browser/native/blocker/ardali_blocker_engine.cpp.o
[412/692] Building CXX object CMakeFiles/ardali-phase22d-integration-test.dir/browser/native/blocker/ardali_blocker_list_manager.cpp.o
[413/692] Building CXX object CMakeFiles/ardali-phase22d-integration-test.dir/browser/native/settings/settings_page.cpp.o
[414/692] Building CXX object CMakeFiles/ardali-phase22d-integration-test.dir/browser/native/blocker/ardali_blocker_shield_button.cpp.o
[415/692] Building CXX object CMakeFiles/ardali-phase22d-integration-test.dir/browser/native/passwords/credential_vault.cpp.o
[416/692] Building CXX object CMakeFiles/ardali-phase22d-integration-test.dir/browser/native/passwords/credential_vault_manager.cpp.o
[417/692] Building CXX object CMakeFiles/ardali-phase22d-integration-test.dir/browser/native/blocker/ardali_blocker_service.cpp.o
[418/692] Building CXX object CMakeFiles/ardali-phase22d-integration-test.dir/browser/native/blocker/ardali_blocker_page.cpp.o
[419/692] Building CXX object CMakeFiles/ardali-phase22d-integration-test.dir/browser/native/passwords/credential_save_bubble.cpp.o
[420/692] Building CXX object CMakeFiles/ardali-phase22d-integration-test.dir/browser/native/pulse/song_finder_settings.cpp.o
[421/692] Building CXX object CMakeFiles/ardali-phase22d-integration-test.dir/browser/native/pulse/song_fingerprint.cpp.o
[422/692] Building CXX object CMakeFiles/ardali-phase22d-integration-test.dir/browser/native/pulse/big_listen_button.cpp.o
[423/692] Building CXX object CMakeFiles/ardali-phase22d-integration-test.dir/browser/native/passwords/vault_unlock_dialog.cpp.o
[424/692] Building CXX object CMakeFiles/ardali-phase22d-integration-test.dir/browser/native/passwords/credential_autofill_controller.cpp.o
[425/692] Building CXX object CMakeFiles/ardali-phase22d-integration-test.dir/browser/native/pulse/song_finder_settings_page.cpp.o
[426/692] Building CXX object CMakeFiles/ardali-phase22d-integration-test.dir/browser/native/pulse/song_finder_page.cpp.o
[427/692] Building CXX object CMakeFiles/ardali-phase22d-integration-test.dir/browser/native/passwords/password_manager_page.cpp.o
[428/692] Building CXX object CMakeFiles/ardali-phase22d-integration-test.dir/browser/native/pulse/song_recognition_service.cpp.o
[429/692] Building CXX object CMakeFiles/ardali-phase22d-integration-test.dir/browser/native/pulse/pulse_toolbar_button.cpp.o
[430/692] Building CXX object CMakeFiles/ardali-phase22d-integration-test.dir/browser/native/downloads/local_media_routing.cpp.o
[431/692] Building CXX object CMakeFiles/ardali-phase22d-integration-test.dir/browser/native/downloads/media_download_service.cpp.o
[432/692] Building CXX object CMakeFiles/ardali-phase22d-integration-test.dir/browser/native/downloads/download_ui_model.cpp.o
[433/692] Building CXX object CMakeFiles/ardali-phase22d-integration-test.dir/browser/native/downloads/local_media_player_page.cpp.o
[434/692] Building CXX object CMakeFiles/ardali-phase22d-integration-test.dir/browser/native/downloads/download_toolbar_ui.cpp.o
[435/692] Building CXX object CMakeFiles/ardali-phase22d-integration-test.dir/browser/native/downloads/media_platform_registry.cpp.o
[436/692] Building CXX object CMakeFiles/ardali-phase22d-integration-test.dir/browser/native/downloads/media_download_page.cpp.o
[437/692] Building CXX object CMakeFiles/ardali-phase22d-integration-test.dir/browser/native/downloads/yt_dlp_update_manager.cpp.o
[438/692] Building CXX object CMakeFiles/ardali-phase22d-integration-test.dir/browser/native/downloads/general_download_manager.cpp.o
[439/692] Building CXX object CMakeFiles/ardali-phase22d-integration-test.dir/browser/native/translate/translate_service.cpp.o
[440/692] Building CXX object CMakeFiles/ardali-phase22d-integration-test.dir/browser/native/translate/translation_secret_store.cpp.o
[441/692] Building CXX object CMakeFiles/ardali-phase22d-integration-test.dir/browser/native/translate/providers/libretranslate_provider.cpp.o
[442/692] Building CXX object CMakeFiles/ardali-phase22d-integration-test.dir/browser/native/translate/providers/deepl_provider.cpp.o
[443/692] Building CXX object CMakeFiles/ardali-phase22d-integration-test.dir/build-step2-debug-20260917/.qt/rcc/qrc_app_icons.cpp.o
[444/692] Building CXX object CMakeFiles/ardali-phase22d-integration-test.dir/build-step2-debug-20260917/.qt/rcc/qrc_app_icons_alias.cpp.o
[445/692] Building CXX object CMakeFiles/ardali-phase22d-integration-test.dir/browser/native/translate/providers/google_cloud_provider.cpp.o
[446/692] Building CXX object CMakeFiles/ardali-phase22d-integration-test.dir/browser/native/translate/providers/google_gtx_provider.cpp.o
[447/692] Building CXX object CMakeFiles/ardali-phase22d-integration-test.dir/build-step2-debug-20260917/.qt/rcc/qrc_side_widget_icons.cpp.o
[448/692] Building CXX object CMakeFiles/ardali-phase22d-integration-test.dir/build-step2-debug-20260917/.qt/rcc/qrc_browser_icons.cpp.o
[449/692] Building CXX object CMakeFiles/ardali-phase22d-integration-test.dir/build-step2-debug-20260917/.qt/rcc/qrc_translate_scripts.cpp.o
[450/692] Building CXX object CMakeFiles/ardali-phase22d-integration-test.dir/build-step2-debug-20260917/.qt/rcc/qrc_search_engine_icons.cpp.o
[451/692] Building CXX object CMakeFiles/ardali-phase22d-integration-test.dir/build-step2-debug-20260917/.qt/rcc/qrc_i18n_resources.cpp.o
[452/692] Building CXX object CMakeFiles/ardali-phase22d-integration-test.dir/browser/native/translate/language_detector.cpp.o
[453/692] Building CXX object CMakeFiles/ardali-phase22d-integration-test.dir/build-step2-debug-20260917/.qt/rcc/qrc_new_tab_asset_fallbacks.cpp.o
[454/692] Building CXX object CMakeFiles/ardali-phase22d-integration-test.dir/browser/native/translate/translate_bubble_popup.cpp.o
[455/692] Building CXX object CMakeFiles/ardali-phase22d-integration-test.dir/browser/native/translate/page_translator.cpp.o
[456/692] Building CXX object CMakeFiles/ardali-phase22d-integration-test.dir/browser/native/i18n/language_manager.cpp.o
[457/692] Building CXX object CMakeFiles/ardali-browser-site-permission-test.dir/browser/native/core/application_identity.cpp.o
[458/692] Building CXX object CMakeFiles/ardali-browser-site-permission-test.dir/browser/native/core/browser_permission_policy.cpp.o
[459/692] Building CXX object CMakeFiles/ardali-browser-site-permission-test.dir/browser/native/core/site_permission_prompt_bubble.cpp.o
[460/692] Building CXX object CMakeFiles/ardali-phase22d-integration-test.dir/browser/native/tests/phase22d_integration_test.cpp.o
[461/692] Building CXX object CMakeFiles/ardali-browser-site-permission-test.dir/browser/native/core/site_controls_bubble.cpp.o
[462/692] Building CXX object CMakeFiles/ardali-browser-site-permission-test.dir/browser/native/core/performance_diagnostics.cpp.o
[463/692] Building CXX object CMakeFiles/ardali-browser-site-permission-test.dir/browser/native/core/browser_policy.cpp.o
[464/692] Building CXX object CMakeFiles/ardali-browser-site-permission-test.dir/browser/native/core/browser_profile_service.cpp.o
[465/692] Building CXX object CMakeFiles/ardali-browser-site-permission-test.dir/browser/native/core/security_utils.cpp.o
[466/692] Building CXX object CMakeFiles/ardali-browser-site-permission-test.dir/browser/native/core/web_engine_hardware_acceleration.cpp.o
[467/692] Building CXX object CMakeFiles/ardali-browser-site-permission-test.dir/ardali-browser-site-permission-test_autogen/mocs_compilation.cpp.o
[468/692] Building CXX object CMakeFiles/ardali-browser-site-permission-test.dir/browser/native/core/web_engine_memory_policy.cpp.o
[469/692] Building CXX object CMakeFiles/ardali-browser-site-permission-test.dir/browser/native/core/search_engine_definition.cpp.o
[470/692] Building CXX object CMakeFiles/ardali-browser-site-permission-test.dir/browser/native/core/browser_icons.cpp.o
[471/692] Building CXX object CMakeFiles/ardali-browser-site-permission-test.dir/browser/native/core/domain_normalizer.cpp.o
[472/692] Building CXX object CMakeFiles/ardali-browser-site-permission-test.dir/browser/native/core/search_suggestion_service.cpp.o
[473/692] Building CXX object CMakeFiles/ardali-phase22d-integration-test.dir/browser/native/browser_window.cpp.o
[474/692] Building CXX object CMakeFiles/ardali-browser-site-permission-test.dir/browser/native/core/history_candidate_provider.cpp.o
[475/692] Building CXX object CMakeFiles/ardali-browser-site-permission-test.dir/browser/native/core/bookmark_candidate_provider.cpp.o
[476/692] Building CXX object CMakeFiles/ardali-browser-site-permission-test.dir/browser/native/core/frequent_sites_candidate_provider.cpp.o
[477/692] Building CXX object CMakeFiles/ardali-browser-site-permission-test.dir/browser/native/core/composite_navigation_candidate_provider.cpp.o
[478/692] Building CXX object CMakeFiles/ardali-browser-site-permission-test.dir/browser/native/core/address_input_resolver.cpp.o
[479/692] Building CXX object CMakeFiles/ardali-browser-site-permission-test.dir/browser/native/newtab/new_tab_html.cpp.o
[480/692] Building CXX object CMakeFiles/ardali-browser-site-permission-test.dir/browser/native/newtab/new_tab_asset_resolver.cpp.o
[481/692] Building CXX object CMakeFiles/ardali-browser-site-permission-test.dir/browser/native/newtab/new_tab_scheme.cpp.o
[482/692] Building CXX object CMakeFiles/ardali-browser-site-permission-test.dir/browser/native/newtab/new_tab_background_store.cpp.o
[483/692] Building CXX object CMakeFiles/ardali-browser-site-permission-test.dir/browser/native/desktop_tabs/system_memory_pressure_monitor.cpp.o
[484/692] Building CXX object CMakeFiles/ardali-browser-site-permission-test.dir/browser/native/desktop_tabs/tab_appearance.cpp.o
[485/692] Building CXX object CMakeFiles/ardali-browser-site-permission-test.dir/browser/native/desktop_tabs/tab_throbber.cpp.o
[486/692] Building CXX object CMakeFiles/ardali-browser-site-permission-test.dir/browser/native/desktop_tabs/tab_manager.cpp.o
[487/692] Building CXX object CMakeFiles/ardali-browser-site-permission-test.dir/browser/native/desktop_tabs/tab_performance_manager.cpp.o
[488/692] Building CXX object CMakeFiles/ardali-browser-site-permission-test.dir/browser/native/desktop_tabs/tab_hover_card.cpp.o
[489/692] Building CXX object CMakeFiles/ardali-browser-site-permission-test.dir/browser/native/desktop_tabs/tab_layout_model.cpp.o
[490/692] Building CXX object CMakeFiles/ardali-browser-site-permission-test.dir/browser/native/desktop_tabs/tab_strip_animator.cpp.o
[491/692] Building CXX object CMakeFiles/ardali-browser-site-permission-test.dir/browser/native/desktop_tabs/tab_group_model.cpp.o
[492/692] Building CXX object CMakeFiles/ardali-browser-site-permission-test.dir/browser/native/desktop_tabs/tab_group_launcher_popup.cpp.o
[493/692] Building CXX object CMakeFiles/ardali-browser-site-permission-test.dir/browser/native/desktop_tabs/tab_drag_session.cpp.o
[494/692] Building CXX object CMakeFiles/ardali-browser-site-permission-test.dir/browser/native/desktop_tabs/tab_group_popup.cpp.o
[495/692] Building CXX object CMakeFiles/ardali-browser-site-permission-test.dir/browser/native/desktop_tabs/tab_strip_widget.cpp.o
[496/692] Building CXX object CMakeFiles/ardali-browser-site-permission-test.dir/browser/native/desktop_tabs/tab_search_popup.cpp.o
[497/692] Building CXX object CMakeFiles/ardali-browser-site-permission-test.dir/browser/native/desktop_tabs/tab_window_registry.cpp.o
[498/692] Building CXX object CMakeFiles/ardali-browser-site-permission-test.dir/browser/native/audio/audio_platform_policy.cpp.o
[499/692] Building CXX object CMakeFiles/ardali-browser-site-permission-test.dir/browser/native/desktop_tabs/detached_tab_window_controller.cpp.o
[500/692] Building CXX object CMakeFiles/ardali-browser-site-permission-test.dir/browser/native/desktop_tabs/tab_drag_controller.cpp.o
[501/692] Building CXX object CMakeFiles/ardali-browser-site-permission-test.dir/browser/native/desktop_tabs/platform/tab_drag_platform.cpp.o
[502/692] Building CXX object CMakeFiles/ardali-browser-site-permission-test.dir/browser/native/session/session_store.cpp.o
[503/692] Building CXX object CMakeFiles/ardali-browser-site-permission-test.dir/browser/native/audio/audio_capture_service.cpp.o
[504/692] Building CXX object CMakeFiles/ardali-browser-site-permission-test.dir/browser/native/audio/audio_device_manager.cpp.o
[505/692] Building CXX object CMakeFiles/ardali-browser-site-permission-test.dir/browser/native/audio/web_audio_effects_controller.cpp.o
[506/692] Building CXX object CMakeFiles/ardali-browser-site-permission-test.dir/browser/native/eq/eq_preset_repository.cpp.o
[507/692] Building CXX object CMakeFiles/ardali-browser-site-permission-test.dir/browser/native/audio/audio_effects_page.cpp.o
[508/692] Building CXX object CMakeFiles/ardali-browser-site-permission-test.dir/browser/native/eq/eq_preset_page.cpp.o
[509/692] Building CXX object CMakeFiles/ardali-browser-site-permission-test.dir/browser/native/blocker/ardali_blocker_settings.cpp.o
[510/692] Building CXX object CMakeFiles/ardali-browser-site-permission-test.dir/browser/native/blocker/ardali_blocker_request_interceptor.cpp.o
[511/692] Building CXX object CMakeFiles/ardali-browser-site-permission-test.dir/browser/native/blocker/ardali_blocker_engine.cpp.o
[512/692] Building CXX object CMakeFiles/ardali-browser-site-permission-test.dir/browser/native/blocker/ardali_blocker_list_manager.cpp.o
[513/692] Building CXX object CMakeFiles/ardali-browser-site-permission-test.dir/browser/native/settings/settings_page.cpp.o
[514/692] Building CXX object CMakeFiles/ardali-browser-site-permission-test.dir/browser/native/blocker/ardali_blocker_shield_button.cpp.o
[515/692] Building CXX object CMakeFiles/ardali-browser-site-permission-test.dir/browser/native/passwords/credential_vault.cpp.o
[516/692] Building CXX object CMakeFiles/ardali-browser-site-permission-test.dir/browser/native/passwords/credential_vault_manager.cpp.o
[517/692] Building CXX object CMakeFiles/ardali-browser-site-permission-test.dir/browser/native/blocker/ardali_blocker_page.cpp.o
[518/692] Building CXX object CMakeFiles/ardali-browser-site-permission-test.dir/browser/native/passwords/credential_save_bubble.cpp.o
[519/692] Building CXX object CMakeFiles/ardali-browser-site-permission-test.dir/browser/native/blocker/ardali_blocker_service.cpp.o
[520/692] Building CXX object CMakeFiles/ardali-browser-site-permission-test.dir/browser/native/pulse/song_finder_settings.cpp.o
[521/692] Building CXX object CMakeFiles/ardali-browser-site-permission-test.dir/browser/native/pulse/song_fingerprint.cpp.o
[522/692] Building CXX object CMakeFiles/ardali-browser-site-permission-test.dir/browser/native/pulse/big_listen_button.cpp.o
[523/692] Building CXX object CMakeFiles/ardali-browser-site-permission-test.dir/browser/native/passwords/vault_unlock_dialog.cpp.o
[524/692] Building CXX object CMakeFiles/ardali-browser-site-permission-test.dir/browser/native/pulse/song_finder_settings_page.cpp.o
[525/692] Building CXX object CMakeFiles/ardali-browser-site-permission-test.dir/browser/native/passwords/password_manager_page.cpp.o
[526/692] Building CXX object CMakeFiles/ardali-browser-site-permission-test.dir/browser/native/pulse/song_finder_page.cpp.o
[527/692] Building CXX object CMakeFiles/ardali-browser-site-permission-test.dir/browser/native/passwords/credential_autofill_controller.cpp.o
[528/692] Building CXX object CMakeFiles/ardali-browser-site-permission-test.dir/browser/native/pulse/song_recognition_service.cpp.o
[529/692] Building CXX object CMakeFiles/ardali-browser-site-permission-test.dir/browser/native/pulse/pulse_toolbar_button.cpp.o
[530/692] Building CXX object CMakeFiles/ardali-browser-site-permission-test.dir/browser/native/downloads/local_media_routing.cpp.o
[531/692] Building CXX object CMakeFiles/ardali-browser-site-permission-test.dir/browser/native/downloads/media_download_service.cpp.o
[532/692] Building CXX object CMakeFiles/ardali-browser-site-permission-test.dir/browser/native/downloads/local_media_player_page.cpp.o
[533/692] Building CXX object CMakeFiles/ardali-browser-site-permission-test.dir/browser/native/downloads/download_ui_model.cpp.o
[534/692] Building CXX object CMakeFiles/ardali-browser-site-permission-test.dir/browser/native/downloads/download_toolbar_ui.cpp.o
[535/692] Building CXX object CMakeFiles/ardali-browser-site-permission-test.dir/browser/native/downloads/media_platform_registry.cpp.o
[536/692] Building CXX object CMakeFiles/ardali-browser-site-permission-test.dir/browser/native/downloads/yt_dlp_update_manager.cpp.o
[537/692] Building CXX object CMakeFiles/ardali-browser-site-permission-test.dir/browser/native/downloads/media_download_page.cpp.o
[538/692] Building CXX object CMakeFiles/ardali-browser-site-permission-test.dir/browser/native/downloads/general_download_manager.cpp.o
[539/692] Building CXX object CMakeFiles/ardali-browser-site-permission-test.dir/browser/native/translate/translate_service.cpp.o
[540/692] Building CXX object CMakeFiles/ardali-browser-site-permission-test.dir/browser/native/translate/translation_secret_store.cpp.o
[541/692] Building CXX object CMakeFiles/ardali-browser-site-permission-test.dir/browser/native/translate/providers/libretranslate_provider.cpp.o
[542/692] Building CXX object CMakeFiles/ardali-browser-site-permission-test.dir/browser/native/translate/providers/deepl_provider.cpp.o
[543/692] Building CXX object CMakeFiles/ardali-browser-site-permission-test.dir/build-step2-debug-20260917/.qt/rcc/qrc_app_icons.cpp.o
[544/692] Building CXX object CMakeFiles/ardali-browser-site-permission-test.dir/build-step2-debug-20260917/.qt/rcc/qrc_app_icons_alias.cpp.o
[545/692] Building CXX object CMakeFiles/ardali-browser-site-permission-test.dir/build-step2-debug-20260917/.qt/rcc/qrc_side_widget_icons.cpp.o
[546/692] Building CXX object CMakeFiles/ardali-browser-site-permission-test.dir/build-step2-debug-20260917/.qt/rcc/qrc_browser_icons.cpp.o
[547/692] Building CXX object CMakeFiles/ardali-browser-site-permission-test.dir/build-step2-debug-20260917/.qt/rcc/qrc_search_engine_icons.cpp.o
[548/692] Building CXX object CMakeFiles/ardali-browser-site-permission-test.dir/build-step2-debug-20260917/.qt/rcc/qrc_new_tab_asset_fallbacks.cpp.o
[549/692] Building CXX object CMakeFiles/ardali-browser-site-permission-test.dir/build-step2-debug-20260917/.qt/rcc/qrc_translate_scripts.cpp.o
[550/692] Building CXX object CMakeFiles/ardali-browser-site-permission-test.dir/build-step2-debug-20260917/.qt/rcc/qrc_i18n_resources.cpp.o
[551/692] Building CXX object CMakeFiles/ardali-browser-site-permission-test.dir/browser/native/translate/providers/google_cloud_provider.cpp.o
[552/692] Building CXX object CMakeFiles/ardali-browser-site-permission-test.dir/browser/native/translate/providers/google_gtx_provider.cpp.o
[553/692] Building CXX object CMakeFiles/ardali-browser-site-permission-test.dir/browser/native/translate/language_detector.cpp.o
[554/692] Building CXX object CMakeFiles/ardali-browser-site-permission-test.dir/browser/native/translate/page_translator.cpp.o
[555/692] Building CXX object CMakeFiles/ardali-browser-site-permission-test.dir/browser/native/translate/translate_bubble_popup.cpp.o
[556/692] Building CXX object CMakeFiles/ardali-browser-site-permission-test.dir/browser/native/i18n/language_manager.cpp.o
[557/692] Building CXX object CMakeFiles/ardali-browser-context-menu-test.dir/browser/native/core/application_identity.cpp.o
[558/692] Building CXX object CMakeFiles/ardali-browser-context-menu-test.dir/browser/native/core/browser_permission_policy.cpp.o
[559/692] Building CXX object CMakeFiles/ardali-browser-site-permission-test.dir/browser/native/tests/site_permission_system_test.cpp.o
[560/692] Building CXX object CMakeFiles/ardali-browser-context-menu-test.dir/browser/native/core/site_permission_prompt_bubble.cpp.o
[561/692] Building CXX object CMakeFiles/ardali-browser-context-menu-test.dir/browser/native/core/site_controls_bubble.cpp.o
[562/692] Building CXX object CMakeFiles/ardali-browser-context-menu-test.dir/browser/native/core/browser_profile_service.cpp.o
[563/692] Building CXX object CMakeFiles/ardali-browser-context-menu-test.dir/browser/native/core/browser_policy.cpp.o
[564/692] Building CXX object CMakeFiles/ardali-browser-context-menu-test.dir/browser/native/core/performance_diagnostics.cpp.o
[565/692] Building CXX object CMakeFiles/ardali-browser-context-menu-test.dir/browser/native/core/security_utils.cpp.o
[566/692] Building CXX object CMakeFiles/ardali-browser-context-menu-test.dir/browser/native/core/web_engine_hardware_acceleration.cpp.o
[567/692] Building CXX object CMakeFiles/ardali-browser-context-menu-test.dir/ardali-browser-context-menu-test_autogen/mocs_compilation.cpp.o
[568/692] Building CXX object CMakeFiles/ardali-browser-context-menu-test.dir/browser/native/core/web_engine_memory_policy.cpp.o
[569/692] Building CXX object CMakeFiles/ardali-browser-context-menu-test.dir/browser/native/core/search_engine_definition.cpp.o
[570/692] Building CXX object CMakeFiles/ardali-browser-context-menu-test.dir/browser/native/core/browser_icons.cpp.o
[571/692] Building CXX object CMakeFiles/ardali-browser-site-permission-test.dir/browser/native/browser_window.cpp.o
[572/692] Building CXX object CMakeFiles/ardali-browser-context-menu-test.dir/browser/native/core/domain_normalizer.cpp.o
[573/692] Building CXX object CMakeFiles/ardali-browser-context-menu-test.dir/browser/native/core/search_suggestion_service.cpp.o
[574/692] Building CXX object CMakeFiles/ardali-browser-context-menu-test.dir/browser/native/core/history_candidate_provider.cpp.o
[575/692] Building CXX object CMakeFiles/ardali-browser-context-menu-test.dir/browser/native/core/bookmark_candidate_provider.cpp.o
[576/692] Building CXX object CMakeFiles/ardali-browser-context-menu-test.dir/browser/native/core/composite_navigation_candidate_provider.cpp.o
[577/692] Building CXX object CMakeFiles/ardali-browser-context-menu-test.dir/browser/native/core/frequent_sites_candidate_provider.cpp.o
[578/692] Building CXX object CMakeFiles/ardali-browser-context-menu-test.dir/browser/native/newtab/new_tab_asset_resolver.cpp.o
[579/692] Building CXX object CMakeFiles/ardali-browser-context-menu-test.dir/browser/native/core/address_input_resolver.cpp.o
[580/692] Building CXX object CMakeFiles/ardali-browser-context-menu-test.dir/browser/native/newtab/new_tab_html.cpp.o
[581/692] Building CXX object CMakeFiles/ardali-browser-context-menu-test.dir/browser/native/newtab/new_tab_scheme.cpp.o
[582/692] Building CXX object CMakeFiles/ardali-browser-context-menu-test.dir/browser/native/newtab/new_tab_background_store.cpp.o
[583/692] Building CXX object CMakeFiles/ardali-browser-context-menu-test.dir/browser/native/desktop_tabs/system_memory_pressure_monitor.cpp.o
[584/692] Building CXX object CMakeFiles/ardali-browser-context-menu-test.dir/browser/native/desktop_tabs/tab_appearance.cpp.o
[585/692] Building CXX object CMakeFiles/ardali-browser-context-menu-test.dir/browser/native/desktop_tabs/tab_manager.cpp.o
[586/692] Building CXX object CMakeFiles/ardali-browser-context-menu-test.dir/browser/native/desktop_tabs/tab_throbber.cpp.o
[587/692] Building CXX object CMakeFiles/ardali-browser-context-menu-test.dir/browser/native/desktop_tabs/tab_performance_manager.cpp.o
[588/692] Building CXX object CMakeFiles/ardali-browser-context-menu-test.dir/browser/native/desktop_tabs/tab_hover_card.cpp.o
[589/692] Building CXX object CMakeFiles/ardali-browser-context-menu-test.dir/browser/native/desktop_tabs/tab_layout_model.cpp.o
[590/692] Building CXX object CMakeFiles/ardali-browser-context-menu-test.dir/browser/native/desktop_tabs/tab_strip_animator.cpp.o
[591/692] Building CXX object CMakeFiles/ardali-browser-context-menu-test.dir/browser/native/desktop_tabs/tab_group_model.cpp.o
[592/692] Building CXX object CMakeFiles/ardali-browser-context-menu-test.dir/browser/native/desktop_tabs/tab_strip_widget.cpp.o
[593/692] Building CXX object CMakeFiles/ardali-browser-context-menu-test.dir/browser/native/desktop_tabs/tab_group_popup.cpp.o
[594/692] Building CXX object CMakeFiles/ardali-browser-context-menu-test.dir/browser/native/desktop_tabs/tab_group_launcher_popup.cpp.o
[595/692] Building CXX object CMakeFiles/ardali-browser-context-menu-test.dir/browser/native/desktop_tabs/tab_drag_session.cpp.o
[596/692] Building CXX object CMakeFiles/ardali-browser-context-menu-test.dir/browser/native/desktop_tabs/tab_search_popup.cpp.o
[597/692] Building CXX object CMakeFiles/ardali-browser-context-menu-test.dir/browser/native/desktop_tabs/tab_window_registry.cpp.o
[598/692] Building CXX object CMakeFiles/ardali-browser-context-menu-test.dir/browser/native/desktop_tabs/detached_tab_window_controller.cpp.o
[599/692] Building CXX object CMakeFiles/ardali-browser-context-menu-test.dir/browser/native/audio/audio_platform_policy.cpp.o
[600/692] Building CXX object CMakeFiles/ardali-browser-context-menu-test.dir/browser/native/desktop_tabs/platform/tab_drag_platform.cpp.o
[601/692] Building CXX object CMakeFiles/ardali-browser-context-menu-test.dir/browser/native/desktop_tabs/tab_drag_controller.cpp.o
[602/692] Building CXX object CMakeFiles/ardali-browser-context-menu-test.dir/browser/native/session/session_store.cpp.o
[603/692] Building CXX object CMakeFiles/ardali-browser-context-menu-test.dir/browser/native/audio/audio_device_manager.cpp.o
[604/692] Building CXX object CMakeFiles/ardali-browser-context-menu-test.dir/browser/native/audio/audio_capture_service.cpp.o
[605/692] Building CXX object CMakeFiles/ardali-browser-context-menu-test.dir/browser/native/eq/eq_preset_repository.cpp.o
[606/692] Building CXX object CMakeFiles/ardali-browser-context-menu-test.dir/browser/native/audio/web_audio_effects_controller.cpp.o
[607/692] Building CXX object CMakeFiles/ardali-browser-context-menu-test.dir/browser/native/audio/audio_effects_page.cpp.o
[608/692] Building CXX object CMakeFiles/ardali-browser-context-menu-test.dir/browser/native/eq/eq_preset_page.cpp.o
[609/692] Building CXX object CMakeFiles/ardali-browser-context-menu-test.dir/browser/native/blocker/ardali_blocker_settings.cpp.o
[610/692] Building CXX object CMakeFiles/ardali-browser-context-menu-test.dir/browser/native/blocker/ardali_blocker_request_interceptor.cpp.o
[611/692] Building CXX object CMakeFiles/ardali-browser-context-menu-test.dir/browser/native/blocker/ardali_blocker_engine.cpp.o
[612/692] Building CXX object CMakeFiles/ardali-browser-context-menu-test.dir/browser/native/blocker/ardali_blocker_list_manager.cpp.o
[613/692] Building CXX object CMakeFiles/ardali-browser-context-menu-test.dir/browser/native/settings/settings_page.cpp.o
[614/692] Building CXX object CMakeFiles/ardali-browser-context-menu-test.dir/browser/native/blocker/ardali_blocker_shield_button.cpp.o
[615/692] Building CXX object CMakeFiles/ardali-browser-context-menu-test.dir/browser/native/passwords/credential_vault.cpp.o
[616/692] Building CXX object CMakeFiles/ardali-browser-context-menu-test.dir/browser/native/blocker/ardali_blocker_page.cpp.o
[617/692] Building CXX object CMakeFiles/ardali-browser-context-menu-test.dir/browser/native/passwords/credential_save_bubble.cpp.o
[618/692] Building CXX object CMakeFiles/ardali-browser-context-menu-test.dir/browser/native/passwords/credential_vault_manager.cpp.o
[619/692] Building CXX object CMakeFiles/ardali-browser-context-menu-test.dir/browser/native/blocker/ardali_blocker_service.cpp.o
[620/692] Building CXX object CMakeFiles/ardali-browser-context-menu-test.dir/browser/native/pulse/song_finder_settings.cpp.o
[621/692] Building CXX object CMakeFiles/ardali-browser-context-menu-test.dir/browser/native/pulse/song_fingerprint.cpp.o
[622/692] Building CXX object CMakeFiles/ardali-browser-context-menu-test.dir/browser/native/pulse/big_listen_button.cpp.o
[623/692] Building CXX object CMakeFiles/ardali-browser-context-menu-test.dir/browser/native/passwords/vault_unlock_dialog.cpp.o
[624/692] Building CXX object CMakeFiles/ardali-browser-context-menu-test.dir/browser/native/passwords/credential_autofill_controller.cpp.o
[625/692] Building CXX object CMakeFiles/ardali-browser-context-menu-test.dir/browser/native/pulse/song_finder_settings_page.cpp.o
[626/692] Building CXX object CMakeFiles/ardali-browser-context-menu-test.dir/browser/native/passwords/password_manager_page.cpp.o
[627/692] Building CXX object CMakeFiles/ardali-browser-context-menu-test.dir/browser/native/pulse/song_finder_page.cpp.o
[628/692] Building CXX object CMakeFiles/ardali-browser-context-menu-test.dir/browser/native/pulse/song_recognition_service.cpp.o
[629/692] Building CXX object CMakeFiles/ardali-browser-context-menu-test.dir/browser/native/pulse/pulse_toolbar_button.cpp.o
[630/692] Building CXX object CMakeFiles/ardali-browser-context-menu-test.dir/browser/native/downloads/local_media_routing.cpp.o
[631/692] Building CXX object CMakeFiles/ardali-browser-context-menu-test.dir/browser/native/downloads/media_download_service.cpp.o
[632/692] Building CXX object CMakeFiles/ardali-browser-context-menu-test.dir/browser/native/downloads/download_ui_model.cpp.o
[633/692] Building CXX object CMakeFiles/ardali-browser-context-menu-test.dir/browser/native/downloads/local_media_player_page.cpp.o
[634/692] Building CXX object CMakeFiles/ardali-browser-context-menu-test.dir/browser/native/downloads/download_toolbar_ui.cpp.o
[635/692] Building CXX object CMakeFiles/ardali-browser-context-menu-test.dir/browser/native/downloads/general_download_manager.cpp.o
[636/692] Building CXX object CMakeFiles/ardali-browser-context-menu-test.dir/browser/native/downloads/media_platform_registry.cpp.o
[637/692] Building CXX object CMakeFiles/ardali-browser-context-menu-test.dir/browser/native/downloads/media_download_page.cpp.o
[638/692] Building CXX object CMakeFiles/ardali-browser-context-menu-test.dir/browser/native/downloads/yt_dlp_update_manager.cpp.o
[639/692] Building CXX object CMakeFiles/ardali-browser-context-menu-test.dir/browser/native/translate/translation_secret_store.cpp.o
[640/692] Building CXX object CMakeFiles/ardali-browser-context-menu-test.dir/browser/native/translate/translate_service.cpp.o
[641/692] Building CXX object CMakeFiles/ardali-browser-context-menu-test.dir/browser/native/translate/providers/libretranslate_provider.cpp.o
[642/692] Building CXX object CMakeFiles/ardali-browser-context-menu-test.dir/browser/native/translate/providers/deepl_provider.cpp.o
[643/692] Building CXX object CMakeFiles/ardali-browser-context-menu-test.dir/browser/native/translate/providers/google_cloud_provider.cpp.o
[644/692] Building CXX object CMakeFiles/ardali-browser-context-menu-test.dir/build-step2-debug-20260917/.qt/rcc/qrc_app_icons.cpp.o
[645/692] Building CXX object CMakeFiles/ardali-browser-context-menu-test.dir/build-step2-debug-20260917/.qt/rcc/qrc_side_widget_icons.cpp.o
[646/692] Building CXX object CMakeFiles/ardali-browser-context-menu-test.dir/browser/native/translate/providers/google_gtx_provider.cpp.o
[647/692] Building CXX object CMakeFiles/ardali-browser-context-menu-test.dir/build-step2-debug-20260917/.qt/rcc/qrc_app_icons_alias.cpp.o
[648/692] Building CXX object CMakeFiles/ardali-browser-context-menu-test.dir/build-step2-debug-20260917/.qt/rcc/qrc_browser_icons.cpp.o
[649/692] Building CXX object CMakeFiles/ardali-browser-context-menu-test.dir/build-step2-debug-20260917/.qt/rcc/qrc_translate_scripts.cpp.o
[650/692] Building CXX object CMakeFiles/ardali-browser-context-menu-test.dir/build-step2-debug-20260917/.qt/rcc/qrc_i18n_resources.cpp.o
[651/692] Building CXX object CMakeFiles/ardali-browser-context-menu-test.dir/build-step2-debug-20260917/.qt/rcc/qrc_search_engine_icons.cpp.o
[652/692] Building CXX object CMakeFiles/ardali-browser-context-menu-test.dir/build-step2-debug-20260917/.qt/rcc/qrc_new_tab_asset_fallbacks.cpp.o
[653/692] Building CXX object CMakeFiles/ardali-browser-context-menu-test.dir/browser/native/translate/language_detector.cpp.o
[654/692] Linking CXX executable ardali-browser-security-utils-test
[655/692] Linking CXX executable ardali-browser-web-engine-hardware-acceleration-test
[656/692] Linking CXX executable ardali-browser-policy-test
[657/692] Linking CXX executable ardali-browser-web-engine-memory-policy-test
[658/692] Linking CXX executable ardali-browser-eq-preset-repository-test
[659/692] Building CXX object CMakeFiles/ardali-browser-context-menu-test.dir/browser/native/translate/translate_bubble_popup.cpp.o
[660/692] Linking CXX executable ardali-browser-credential-vault-test
[661/692] Building CXX object CMakeFiles/ardali-browser-context-menu-test.dir/browser/native/translate/page_translator.cpp.o
[662/692] Building CXX object CMakeFiles/ardali-browser-context-menu-test.dir/browser/native/i18n/language_manager.cpp.o
[663/692] Linking CXX executable ardali-browser-web-audio-effects-test
[664/692] Linking CXX executable ardali-browser-song-finder-test
[665/692] Linking CXX executable ardali-browser-media-download-service-test
[666/692] Linking CXX executable ardali-browser-general-download-manager-test
[667/692] Linking CXX executable ardali-browser-new-tab-asset-resolver-test
[668/692] Linking CXX executable ardali-browser-download-ui-model-test
[669/692] Linking CXX executable ardali-browser-local-media-routing-test
[670/692] Linking CXX executable ardali-password-manager-page-test
[671/692] Linking CXX executable ardali-browser
[672/692] Linking CXX executable ardali-browser-media-platform-registry-test
[673/692] Linking CXX executable ardali-browser-application-identity-test
[674/692] Linking CXX executable ardali-browser-password-autofill-test
[675/692] Linking CXX executable ardali-browser-desktop-tab-system-test
[676/692] Linking CXX executable ardali-browser-tab-drag-controller-test
[677/692] Linking CXX executable ardali-browser-critical-tab-drag-scenario-test
[678/692] Linking CXX executable ardali-browser-address-input-resolver-test
[679/692] Linking CXX executable ardali-browser-phase2a-policy-test
[680/692] Linking CXX executable ardali-browser-omnibox-navigation-integration-test
[681/692] Linking CXX executable ardali-browser-tab-scheduler-retry-test
[682/692] Linking CXX executable ardali-browser-smart-omnibox-phase2-test
[683/692] Linking CXX executable ardali-browser-tab-hover-card-test
[684/692] Linking CXX executable ardali-browser-runtime-feature-integration-test
[685/692] Building CXX object CMakeFiles/ardali-browser-context-menu-test.dir/browser/native/tests/tab_and_link_context_menu_test.cpp.o
[686/692] Linking CXX executable ardali-language-manager-test
[687/692] Linking CXX executable ardali-phase22d-test
[688/692] Linking CXX executable smart_omnibox_phase2_1_test
[689/692] Linking CXX executable ardali-phase22d-integration-test
[690/692] Linking CXX executable ardali-browser-site-permission-test
[691/692] Building CXX object CMakeFiles/ardali-browser-context-menu-test.dir/browser/native/browser_window.cpp.o
[692/692] Linking CXX executable ardali-browser-context-menu-test
