-- The CXX compiler identification is GNU 16.2.1
-- Detecting CXX compiler ABI info
-- Detecting CXX compiler ABI info - done
-- Check for working CXX compiler: /usr/bin/c++ - skipped
-- Detecting CXX compile features
-- Detecting CXX compile features - done
-- Performing Test CMAKE_HAVE_LIBC_PTHREAD
-- Performing Test CMAKE_HAVE_LIBC_PTHREAD - Success
-- Found Threads: TRUE
-- Performing Test HAVE_STDATOMIC
-- Performing Test HAVE_STDATOMIC - Success
-- Found WrapAtomic: TRUE
-- Found OpenGL: /usr/lib/libOpenGL.so
-- Found WrapOpenGL: TRUE
-- Could NOT find WrapVulkanHeaders (missing: Vulkan_INCLUDE_DIR) 
-- Could NOT find WrapVulkanHeaders (missing: Vulkan_INCLUDE_DIR) 
-- Found Cups: /usr/lib/libcups.so (found version "2.4.19")
-- Found OpenSSL: /usr/lib/libcrypto.so (found version "3.6.4")
-- Found PkgConfig: /usr/bin/pkg-config (found version "3.0.7")
-- Checking for module 'libpsl'
--   Found libpsl, version 0.21.5
-- Configuring done (1.1s)
-- Generating done (0.2s)
-- Build files have been written to: /home/muhammetdli/ArDali/build-step2-debug-20260917
